// Vitest Snapshot v1, https://vitest.dev/guide/snapshot.html

exports[`indexedRouter > routes > current route path should be /home 1`] = `"/home"`;

exports[`indexedRouter > routes > should add new route to routes and set current route ([object Object]) 1`] = `
{
  "path": "new",
}
`;

exports[`indexedRouter > routes > should retern route by route path (/home) 1`] = `
{
  "component": undefined,
  "meta": undefined,
  "path": "/home",
}
`;

exports[`indexedRouter > routes > should set routes 1`] = `
[
  {
    "path": "/home",
  },
  {
    "path": "/settings",
  },
]
`;
