// Vitest Snapshot v1, https://vitest.dev/guide/snapshot.html

exports[`UIMainSidebar > should open settings menu (modal) by clicking on "settings button" 1`] = `true`;

exports[`UIMainSidebar > should render (menu button) component 1`] = `true`;

exports[`UIMainSidebar > should render (settings button) component 1`] = `true`;

exports[`UIMainSidebar > should render (user button) component 1`] = `true`;
