// Vitest Snapshot v1, https://vitest.dev/guide/snapshot.html

exports[`UISymbol > icon should have a custom size = 16 (with === height) 1`] = `
{
  "height": "16",
  "width": "16",
}
`;

exports[`UISymbol > icon should have a custom size = 32 (with === height) 1`] = `
{
  "height": "32",
  "width": "32",
}
`;

exports[`UISymbol > icon should have a custom size = 100% (with === height) 1`] = `
{
  "height": "100%",
  "width": "100%",
}
`;

exports[`UISymbol > should render AddDirIcon icon from "Symbols" data set 1`] = `true`;

exports[`UISymbol > should render AddFileIcon icon from "Symbols" data set 1`] = `true`;

exports[`UISymbol > should render ArrorRightIcon icon from "Symbols" data set 1`] = `true`;

exports[`UISymbol > should render ArrowBottomIcon icon from "Symbols" data set 1`] = `true`;

exports[`UISymbol > should render AvatarDefaultIcon icon from "Symbols" data set 1`] = `true`;

exports[`UISymbol > should render BinIcon icon from "Symbols" data set 1`] = `true`;

exports[`UISymbol > should render CrossIcon icon from "Symbols" data set 1`] = `true`;

exports[`UISymbol > should render EditorBoldIcon icon from "Symbols" data set 1`] = `true`;

exports[`UISymbol > should render EditorInlineCodeFormatIcon icon from "Symbols" data set 1`] = `true`;

exports[`UISymbol > should render EditorItalicIcon icon from "Symbols" data set 1`] = `true`;

exports[`UISymbol > should render EditorListFormatIcon icon from "Symbols" data set 1`] = `true`;

exports[`UISymbol > should render EditorRendoIcon icon from "Symbols" data set 1`] = `true`;

exports[`UISymbol > should render EditorUnderlineIcon icon from "Symbols" data set 1`] = `true`;

exports[`UISymbol > should render EditorUndoIcon icon from "Symbols" data set 1`] = `true`;

exports[`UISymbol > should render LogoWithDescriptorLGIcon icon from "Symbols" data set 1`] = `true`;

exports[`UISymbol > should render LogoWithDescriptorSMIcon icon from "Symbols" data set 1`] = `true`;

exports[`UISymbol > should render MenuIcon icon from "Symbols" data set 1`] = `true`;

exports[`UISymbol > should render SearchIcon icon from "Symbols" data set 1`] = `true`;

exports[`UISymbol > should render SettingsMdIcon icon from "Symbols" data set 1`] = `true`;

exports[`UISymbol > should render UserThumbnailIcon icon from "Symbols" data set 1`] = `true`;
