// Vitest Snapshot v1, https://vitest.dev/guide/snapshot.html

exports[`hierarchyTree > HierarchyTree > createHierarchyTree > should create tree of nodes 1`] = `
[
  {
    "children": [
      {
        "children": [
          {
            "children": [
              {
                "children": [],
                "data": {
                  "id": "ewdwer24rfwrewdqw",
                  "path": "0/0/0/0",
                },
              },
            ],
            "data": {
              "id": "deewdewdqwedewewdwed",
              "path": "0/0/0",
            },
          },
        ],
        "data": {
          "id": "wedlkpow23ioedjlkwed",
          "path": "0/0",
        },
      },
    ],
    "data": {
      "id": "qwdefw23e23edwdewded",
      "path": "0",
    },
  },
]
`;
